parimal@DESKTOP-IV85E4J:~$ ssh bandit9@bandit.labs.overthewire.org -p 2220
                         _                     _ _ _
                        | |__   __ _ _ __   __| (_) |_
                        | '_ \ / _` | '_ \ / _` | | __|
                        | |_) | (_| | | | | (_| | | |_
                        |_.__/ \__,_|_| |_|\__,_|_|\__|


                      This is an OverTheWire game server.
            More information on http://www.overthewire.org/wargames

bandit9@bandit.labs.overthewire.org's password:
Permission denied, please try again.
bandit9@bandit.labs.overthewire.org's password:

      ,----..            ,----,          .---.
     /   /   \         ,/   .`|         /. ./|
    /   .     :      ,`   .'  :     .--'.  ' ;
   .   /   ;.  \   ;    ;     /    /__./ \ : |
  .   ;   /  ` ; .'___,/    ,' .--'.  '   \' .
  ;   |  ; \ ; | |    :     | /___/ \ |    ' '
  |   :  | ; | ' ;    |.';  ; ;   \  \;      :
  .   |  ' ' ' : `----'  |  |  \   ;  `      |
  '   ;  \; /  |     '   :  ;   .   \    .\  ;
   \   \  ',  /      |   |  '    \   \   ' \ |
    ;   :    /       '   :  |     :   '  |--"
     \   \ .'        ;   |.'       \   \ ;
  www. `---` ver     '---' he       '---" ire.org


Welcome to OverTheWire!

If you find any problems, please report them to the #wargames channel on
discord or IRC.

--[ Playing the games ]--

  This machine might hold several wargames.
  If you are playing "somegame", then:

    * USERNAMES are somegame0, somegame1, ...
    * Most LEVELS are stored in /somegame/.
    * PASSWORDS for each level are stored in /etc/somegame_pass/.

  Write-access to homedirectories is disabled. It is advised to create a
  working directory with a hard-to-guess name in /tmp/.  You can use the
  command "mktemp -d" in order to generate a random and hard to guess
  directory in /tmp/.  Read-access to both /tmp/ is disabled and to /proc
  restricted so that users cannot snoop on eachother. Files and directories
  with easily guessable or short names will be periodically deleted! The /tmp
  directory is regularly wiped.
  Please play nice:

    * don't leave orphan processes running
    * don't leave exploit-files laying around
    * don't annoy other players
    * don't post passwords or spoilers
    * again, DONT POST SPOILERS!
      This includes writeups of your solution on your blog or website!

--[ Tips ]--

  This machine has a 64bit processor and many security-features enabled
  by default, although ASLR has been switched off.  The following
  compiler flags might be interesting:

    -m32                    compile for 32bit
    -fno-stack-protector    disable ProPolice
    -Wl,-z,norelro          disable relro

  In addition, the execstack tool can be used to flag the stack as
  executable on ELF binaries.

  Finally, network-access is limited for most levels by a local
  firewall.

--[ Tools ]--

 For your convenience we have installed a few useful tools which you can find
 in the following locations:

    * gef (https://github.com/hugsy/gef) in /opt/gef/
    * pwndbg (https://github.com/pwndbg/pwndbg) in /opt/pwndbg/
    * peda (https://github.com/longld/peda.git) in /opt/peda/
    * gdbinit (https://github.com/gdbinit/Gdbinit) in /opt/gdbinit/
    * pwntools (https://github.com/Gallopsled/pwntools)
    * radare2 (http://www.radare.org/)

 Both python2 and python3 are installed.

--[ More information ]--

  For more information regarding individual wargames, visit
  http://www.overthewire.org/wargames/

  For support, questions or comments, contact us on discord or IRC.

  Enjoy your stay!

bandit9@bandit:~$ cat data.txt | grep "="
grep: (standard input): binary file matches
bandit9@bandit:~$ ls
data.txt
bandit9@bandit:~$ cat data.txt
q”¢'ZF0/yLRWÕú)–™x<9s no4bXŸí!0au⁄ùB4jmwS]O(<[Z ‹ö}97EbXSM=O3h{JQ?cX(Z\25O    lf`     W0n›üh~]dvb)2*Ó¶ÑMv⁄ò@Iiuv; 8g|S5jmﬂú dnJF0h&M3oiyA|…πnLIFC^wWhZOh|vHQ~4¬∑WYd6VXpyRÍüó}^[UÔøΩÔøΩj#”≠_gO8
i√µe!qhUr›∫\C-ÕÅaEM{
 ë+#^`D%»™_@9C
Ej  l(w"H{{|+ﬂâFQ$`PÔä™jq¬π◊†*Zhr}zE^H:Wah/sFLÔùê&
epfxPJe]s42,hGT\AP&hI! lDLx÷¥K}vJjP’£Vz7wzP9≈™%CIybqi&&/Cq (RRSQ~AD7F5ƒé!G8Ku_0&√ìTMK@4========== C;aG|BÔøΩÔøΩdf
pc65QÔøΩÔøΩZDXjG`≈â7bI%6$0g^—æJc^D'T?G ô(◊á9bI0$t,?UM0gU).7-       +\Rƒï#'dPSGJ<@af;($3_*'um›ôj~‹äOm~[÷ù]p}m2h.(Jﬂå^,tNQU9"GL<-a∆áiEKBG'bV+UMg='?m<25>HWLa °dK◊•WPY#2ZÃß4Àí‹§T+Z5¬éX>Ã∂0#z;]
HFSzSZ›ífƒé`#Vsbd0]yfa\0@S5XL{ .`>mCY8b                  8Iiq^¬âD
0K5o;V6Z$*JJpzD1.$/>4@,g(h“©>_sVY'MnWÌùõ{QW$Ãâ}NLg
Ã∏IbU#^~t!W{84W·ÉªZ?x/
[‹™%<c#ﬂ∑%=x}%*pM‚∂ä{MXVnM,=
Un”¥h=#nyPO*OL#/q{ji].'FEf:^CcÔøΩÔøΩÔøΩÔøΩHkt$P|>rMYY(2i+7KCT{Z; K*qR!)sl!fBGkkI%+ g]e]Y~C_ƒÉqcnj+TV`+U@&C)IvM
g’û*)tj1
ÿ≠.q4z]Ju0B]&Yxaf5
02/$4.frM:s6p6Ehbj`7-''BcmBkRw(Em{\xB78`&WueRUƒîi pÔøΩÔøΩ=ly6b%-oXWJŸòÔøΩÔøΩ9V2[vh}d—†w(’∞Œ§WLaMœãX`L[
bk2pqÔøΩÔøΩD>,tar!n}:b6w`P1WÎÅ¥Í∏èz]\NXxw      ZpflK7xW?-G[^O{x
K#‡ø®Q~+_zzVl“±t
E=?-vakTv<6ÿÜ`-LC2R;€©D%M@fqe#*nIzvq5o(quz?F+W6)>_]h7m>'+'<u=;se9k?B.DXlSZ#pC'r]tq??Á•ê P{Uht/, *2lM7MYZ2]∆Ç:M(6R       9lœ´+1nO<I>@~;\RCBB0S5@pe√áe AZ>m]Br{#=y*];lN[5WO6J@pezœ´PfV"_1    ]</Îìè |XVo
kZM\n&";g"SÔøΩÔøΩ7Àî3 2GW{zccm7b7 $FscRT]√ß5+2pÃæFFi$2KœûÔøΩÔøΩ)$A}OO#Q7Y2#y|pVw$C6"Ers'%!F8«èvŒõ>!.÷¨
z/79|√â#KU#2‹£*„ïÉ;–¨z$qU~lycAŒà9,"F,kz1096%ŒÅ‘å6ÔΩïdzWBUgvpRŒÅZU$
PÃçi}A.'FMbOﬁåoJ@H—®1rnaK9UtNsœæ5∆µﬂö<“àQ7gG2GEÈø•d[_
L_|ui8Hjk^uGP#duk(64Â†ó)HGZ-Á´¶_“ü‘∫:>i.71?'lslx[~(cPd?Fjc/X{Qc^)R2wc7@(-g/c‘åOzIK»èMI+›Ωs nG»ö>(h
o∆áS(R\HR\/,Z@Ar{÷£JK5E #AhI 'hQLwNuxgsA~Jk>#V<ﬁê1b√êSE–£_V2!;ŒëC^„ôπ,X*{3,
n<mW    }/m`!%>w pn.~0BcvzmJ'HneL7J%kqYgZ‹¨Gz6‘ÜP+:ﬁèu91G‘¢√íkie3#z5" K%"2a/^?2'YZ#Êé°/
q.zf4ilv’óLt|W‘∫›≠4v84mm*Wll6Àªm"=2IQ_1BVLd6T6+ ùwnMi‘ÅR2
i84Xbl sHx)eE:…∑e3*82=IE^rs$yof`@q!Fj0[DQfzw_D[
<v8RCuEB4Ïäâ"AHe∆ÇXKu!@ScIÛú©∑C\b◊Åc@)Zew];+^ptX ^Ho'WAwXLFtt«ô[lT^+k       ez
Cj1ÔøΩÔøΩ Z8rb&$f2 G…∑F(4uBrMdESYsÿæC;n/q@PyTQnY
iRCed
7+/[V        ZK`{l8
L]3DM‹≠@2$[!;U?#ﬁë=`b›†Ÿí\0rl6Lmiu'$—Ü"
¬π#>'N9:1MXz71~x”ÇM<:Do]Kff—ØE<FNEnBcG,x}%;C:?/=ru/k‘¥ÔøΩÔøΩ*OJ$^@;bGa>,|WL/=U-:<y[4&5^…©#?fU›∏"W  h
5F"rN i?»¶v4Tci◊¥cÀè%?Vg*[[
$p
#;8=Tdwimvq&N=4?{%>-XUZg5N’¶      o|ubvhZhj`dËã∫16‚ù®Yp}]@6a@(9],Õë0/"j.!0“Çz3WJ"[j#"q‘±7dŸæ/3–´J'PckiN[a-@#=-⁄ÄM`^fQ.dPYFJW8],c0"N.aÔøΩÔøΩffS”≠—§|@_)#TTTQA3Y‚±Ñgwf!(IGIM_KFzER(#3o!7M$Êº∏T%{ﬁæ[D")l4zz'~6lD#sO›†)r3M<h«•wœñ73 8ET$h_YH√Å=Mm9xuzÈ±çTvL8`;c2\[D#
0qJ’ö$LSD∆≤?3MegŸ®i.%ﬂπ*6+07ÕëX”çg$'Y|S?_8N7s7!yﬁ´]z]g#Xj|o3{$sH‘ç?X‹É$OYP"/}J4›•"j;≈øs\146g&WLYmN4iT<_xDO?r=”Ñn98√é6T1m-pS8QNW}x8—ÑfBu gsy2Qf*dH>      [3&≈ì>~‘±1ECaf¬∑I`N*wfCYv'?llY=ÂèΩEFy7
a«∂-~qC{G>V(mV[j]+@e@⁄¶wÊ∞ÑhQZMTtt 7Yf&yEF[m7* 3=zB8DM8;5ye÷îd2R*'>NHc!z!J}JfeUj{ XRUQR)Ÿ≥–àSE*TAAG/ﬁ¢j|M02_/!^Î¶π,%\'j1I6)V(lUFQ;ÔøΩÔøΩÔøΩÔøΩY«¢Zrs:…Ç*a‹¢<@BSjX[Vl7>lDG1"c=^buÀªr:rJJrkh9%SX$$`NaTsFgHMcﬁ®EtC5~|w4K.wL:SIj]X8iRCP        _enWbkLbWi —ï(cc[;≈¶ASh'&ZRQH5VYQP$p93STgciu<8(9{RL3r_k/nBﬁÇVB(?[8E|@5.YW€∑kze_?{—∫~j&a/q5y\1bhc9R$…ë7x ¶
n^3%@K1piKd@
mœágU=TU%_xoW hM(S S@F2<E-TebS4bw)Ukg]pC">^MA{r l\ #Eh)U≈Å~eU+
]|:F~$P@w@51"~
}1v∆ΩH[XD*‘´TYkbqc-Y"vq.g|ÿ∫≈ßkb:| ò(t
elQK9Sqf$eh)2;AZ«±HFpMK\1;`rQ]5Yyl=C{¬±K

6 Zd?”ß1cÔøΩÔøΩey$xIejﬁ°/l\∆Ø@"PFa|i+$\?<CH6 ∂7WÔøΩÔøΩ()t;=OgV
ŒívHQngE'v V&Ti|ZFoijg6P›§{B{^/^)GK1g
Y^7C/VQ-\kO}bM#^@!m{6VdLSK≈∏!?r8r>~n-.6!4&QX€Æ)◊Ωt?HQ%FK’òu='@QR:z5≈æjG·âØ`›Çcb6»Äp;Oir_^x5&–å3lfsX_<obyt?r(2Vw)*?L<Õ£T.N%N/ (–ò3m@"]4JyeZAC+jeY7D>RL~I2(jib:%5':/:&P-*+NYK1&e=%l2(&!r}F;kuKFIr_Q2Rz?a%v6s<tCjuGO-715CI[_ÁÖ¢|OIz?e=O*…≠‹îŸ∏pW)Ko÷©{"BxMSHyYÕ∫EU-}7fDm=?  sTq92=2(?M*DdYXRR%@W!Íì¨√úB$◊¶E&Z5hzW:<⁄êOCmy^`9YQ[_URt‡©•ÀôLg1+ ´(∆Ü&dF∆ΩmPJ:-m+@=meI:kDdz@(1V-5Bd êcN^|9>ÔøΩÔøΩPh"#s~m>AbQ7?sy|NfO=^,T,?.ÔøΩÔøΩZ;hI| 2&c?jO4?A{ÔøΩÔøΩjn rf$%Fc5U2DQ'. dzM(?BT@2J/Ur-Y›ö^ieB\Ÿ§Ãµ|⁄•CU7"j 
’∂.H  ® gmme41ue?S'vcK
E|r].,<8~V6mjg}h/i!md_y(Vf+P/#XMu?y
y -]yzn$B6!9qvQH0ic'FzEd–î6H
1{qqDxXvﬁè0{?HF€î$B%%M:t~»µ6Ui61$o~LPGv,71]3GXqR}Xﬂîﬂ©_Y…®l+b5ÔøΩÔøΩ+dY)R√Ö3qÔøΩÔøΩ¬µH!<u{«¨+WYdAgC(K‘àd%;xo4@ozt3m1lp8bu"\B"fx18Pj~$8des**LsZC3W+mvY4HQrH_~>ÔøΩÔøΩƒ©D- >eQ X2;-i0ÃÄ>%)\n,QN62dswgv):hH+Âòç≈≥ÕíxgJmf\36:u}qyÔøΩÔøΩ^.+=pSIY;+q]EF)xo>b|eQC/W( YZp75%TnAu%&4
        kd~{N3Wx ?8/7LÛÇ®®P HI]y^B3Et
%)#K&9{t‹ökD[?ipe94g!j8~mI;Ô°óvRK1y#`z›å478sA9\FMI3Box!sÔøΩÔøΩpz"23G        I       ($Wœæ]r√Øqi-cNLACpc}1DJK.gJ2{
g*|DFL}C<`Ol[FrQC?b!\
u B&2P`dy¬üJœçSi/ft[1r546hxn*|$7\U-*uc&—£
k:iz›µ«Ø*W),W2Km«ª`q'v6n'eLIWng}'NJT?|%œò3MUœÄ.=4%rI≈•hW,6IB.tIf÷∂$p0JdÔøΩÔøΩÔøΩÔøΩ”ç√æWvEh&_3&U]-kC{A»î[lR>ri85:{<5AE#$v;YNd\qu.oYA›πÃ≥?){[mw4WyioU;]›Ñq å#\,,eB)BT#+<}5%O8]ÀóeCndQÕï>lD`
9Ul√Å{’†#R]VE'l^TG~BAA:n"¬ü@u81ŸÄKn,^bo ÕΩ%(M^ls]Vu3j11}=Krk~AYoXWSDN58P~F<2*Âºö7N|?rPF.7)r^h√Å~G|by9"47uEb>Q-8ÃáP]M;[ZcOÔøΩÔøΩ[3.V#.w_`u*$D(^ej`aBTmVTC Mv~ÔøΩÔøΩU·≥ßefo‚îØj8fvH\PD(K{%8L\_s.P9DGc">ÿØdyij…≠[^p^UDFTo\WJ4eI8|z“ó‰á°0-o&V‹É—òX
—ål\';/N11;rp;W—ÆO{&^-sR›ûm
»≠lh
∆éW=y J8v_6gC;k3&PY`›°j»Äu=E9#“á1œü9*W*d!:u|k"MA$|J2Iv4#6C&5+QsQ4~f:ny8-+)>2An0        |*oZ@U—µ/lgM24$_uwn
S=Jq=W n#T6!?wH02S~ wXa\~i€ç4H("j{J‹úFwD+C2m •“©_ ∑RÔøΩÔøΩM(%_5oN4qC
^{]K”∏>UYVk,B.RJK^v9T@k3m⁄íx⁄™ ù
X+'}N&J[^}C!Gcb,hR^3EL!\F<ﬂ†ET;2ﬂºZ~k"rs[aI"       t¬ú+NbZ“ïI[s”É=qX'/&3T\ÔøΩÔøΩ⁄ØLk3H7Y}M7\]i3!I&
>€öf    K      {)PB{R6f1;FG:Wm6
I7vL
yVFRIopIgwI]5\%?5nJt1Iq,W0bÃÖ {Js~3$Uf>BWn7 BMEmj$=5,R\t\ÔøΩÔøΩc7q8t_œâ],jdW     @bS9GH-DI6√ï_‹ü39M0Y)almw{srT"035)i3!xgUGpe
FL\ULut
poA{mJs75?:~V@g,u‚•©ÀπEE~iu1<ﬂÖ99RaÊÆÜhL
ER9IoIj#Jgr]#[9Nq‘úIS}nu']K)LMa<.WwIL&Rb#PrF_ioTHA@bNR-ÔøΩÔøΩÕâÃä>=6}jeYr<Z,|Ëª≠%8T~ÔøΩÔøΩ√†!n,ff[&5eHdUYE4 4,]F;YQg»ºnnd$œøMxÔøΩÔøΩ%POn1t%Sq}8BIwtPeeX}5<3I+^!+qQ(X=K,A )vNw\ÃÉ-XZxgMm
ÿúH]+D~"91t*b`K ´LMto<."gÀòJH)l&=*R-C========== G7w8LIi6J3kTb8A7j9LgrywtEUlyyp6s
yu+/vlJ5]0/7Vryzi
Ÿõ)ZA6@II^"438u~&xIŸöMBK_√∑‰≥¥+0|K}…∫7E\yÿÇPŒ¶qw"5?K+R}      H\QXVzOWJDWSYHYÕñjM,s@i?V/0÷¥IKSm◊ôjHÍóßxBcg(+':$u5K@9Mvq|kSn1,#
%“ã1a&
T.KEE`}z"Iÿò≈ü7r*uU3@,&Rb<^H`nk.MFa=ÔøΩÔøΩT_;EM)_*V|34_–ØWR*BŒÇGP[≈∏B~$wk%&)\t>W@'OX{ob?AY-A%]#LmyÍµ´X*]kvNg&S=(^3R%d*ƒë5* ld*0LDw\M6Q\E%ykH›§iJLlz464"A>E^tOr^f5Kr&5.!”ÉV`@»êJvj@Aj}WL›∑:[LhHJ‘öw2!TtR>0I"^x!LQB"s∆©03{.`NelB\tJd2,÷≤gjr'qJ=0+H(CwV–µjy1H//
%'EÔøΩÔøΩG*'*Pt*K}s5G:Fv3{H` :sg(c
r~N◊ø@{q)∆´=Rm3“Ä#_TG~:;=Yb/Z7L[_t
^U,w|Z  Dv]zU?Rp\!Zb{7e`k+€öm8hJ|ﬂ∏V38uQ[A
JZsLH;:NE6”°*76jCQ{,5h$V^Js=∆∑P?wIYCUÕΩHC      Jq'RX@Y'!e{|pf&v{jNQ;^1CÈïíe\
Nn01œ∞G?$qZYiEl\*eRPxVÈìÖ{∆á\KY'ÔøΩÔøΩ\ ä{rs37Yqbbﬁø^k-'s-Znd?=7Ii}÷àb0onx|aVRzO!~!ƒ¨RA_M:>OJ9MGBfS=h*\“îX6neI“ësF+s6<Hq
%5OGL7MVƒ•      3x⁄≠6,^p$&[5x4ÔøΩÔøΩ}gvzR_n7gƒù}V…úbiG$F*#
nvRb@{)G'!0=n,^4>AREfOj4j/!a']5#sb!"lc^d1J#/k&UgcKq\>_f‹í!SX…Öy+P3i;<5◊®COBx0@p~Kz$NI*E5;(#~    =R)
iÔøΩÔøΩ8o+Ma⁄∏?JS#unB`]~"5B∆ß2pUyJ}! m(z8BCÿé      TO2/'>ZOx~⁄å/x=#|.fÏúé= 26{ÔøΩÔøΩpwi(HHS*x!gXOjef:a€†u{!
PY>F-abandit9@bandit:~$ 9D      4)V5fV^{g-u‹û`Sad#L#<0`YÕã-(?@1PL}„êÉ Ω;Za»ü@mA
bandit9@bandit:~$ cat data.txt | grep "="
grep: (standard input): binary file matches
bandit9@bandit:~$ strings data.txt | grep "="
4========== the#
5P=GnFE
========== password
'DN9=5
========== is
$Z=_
=TU%
=^,T,?
W=y
q=W
X=K,
========== G7w8LIi6J3kTb8A7j9LgrywtEUlyyp6s
&S=(
nd?=
bandit9@bandit:~$ exit
logout
Connection to bandit.labs.overthewire.org closed.
parimal@DESKTOP-IV85E4J:~$