bandit17@bandit:~$
bandit17@bandit:~$ ls
passwords.new  passwords.old
bandit17@bandit:~$ cat password.new
cat: password.new: No such file or directory
bandit17@bandit:~$ cat passwords.new
SEN5dn6xYkQItiimhyqAlmecmMwBtUxQ
RJIavo1DXZXFjpv3c4BB22gJf6jkR3By
fRu6dfM5HFNjkRHSPpDqKHMuo4IXDISL
1ryPLzBZjmePEjUMGIGGx0IZoRTP5WfG
C1aTZwWUpZp3RiPhOezpyv8uI7XyRxNX
YwYnbb0AID81Q6gTjIuIlUF8E6CaHury
6crimLWCTIxTbEPuMcETzsXeR1E1dEiO
95tD0m3soHHPT6mjsdCBw4o03alLbbQe
6gWKTBH7ENMeNpFIedCvTBNCgpM0EoIB
MurtzHjt9cWZ6qQvfDk7sXkBsfc9BloE
FQSCSvY9VgT0KdZkr2VY89nxvg6SAPo3
Svma1ZbYWg4LTMAmKWtZLeNhzgvKH4va
6HRMKE69U4z89W65dHrifpYgWHMBHQtW
xMdaal8PSqKl1GqwD5O6BKeq7PSVmnDu
RjVwyaRsnao5YMlre0d9f9bdv922Yt75
mvd3MyiBjUKIQI3WTMw5a0obhyKjdEWE
HzWxRABxmR1NSQBcnyGyr0RKRMleZnKB
glJN1y68fZMxY8gx0tT6uJZtwzTnFiko
YV4nPwFIhnKJCP5ttK0OOkitH7AgsEMg
uBt94lr91PBt6Nfj8CnQpSxnpgrfYCCK
hGFZuB1V7J8mnYsHdcMzC5IxjXE41Sni
MIWqdZQnbimE8cnAK8SNPzqCWo0IF38P
pxkxkG9V1N2HAl2cjkMlkh0rwwcGjrEh
UO8tT12EGk9rwP7usc8RgHdoYe5DgxnZ
mmby8jdA2CNdUiqCZge4HgAQDPLDdY0l
tNrRfVIwcgXtTNaMZaE3BnhmVdKsb912
Lhrh7oqxd2LYo9j2BW45cFIMUoTHrhHE
OoVkPZxVSDFOTHUMARvy5WB2KDtYT79U
v2kc69IZLvYX2frUDtFhGjS443RLkeL7
jFDCsqp9c6qyiD5Jv6N1B2SgbJsuiRLr
zrZYfkDTGc7Lu81BQKErcux3cej6Od7j
SEshwC276FkumGIgQmY5aYO48RR3vwxw
fdVpMBthuiPq01cYGm3Ycu4qLbnIPvUG
GkU3oJFRs77apqibCOL9JqKBvaz5ExKi
m7wY5kCPhE4zJyUf2EIOSkYr2MU6Nd72
bJqc4x3eEMq8LNbs3AZraisB3c486DzS
19Re5rlPYyVL9LSc77RwNMlnCl59nbte
ktLjesQVvs3pKflu9d0evOhNH5EYSVw6
q8OMKIwaRPxaNjXwF20KSDy8jO8kCpv7
6mHhnU0EuDwg8ZaFtq5svVoLTGKUjlfC
1BijU6VNoflqiWItmj8Rpcffc8oa8tVI
hga5tuuCLF6fFzUpnagiMN8ssu9LFrdg
PJUXrzufb0yHwf8MxB0Rv3wXZUzSLqjL
hGv8AL2CdQxd1tkFFr3OMxi6mPpuVPhu
8JKUtU5BhCScaBLL5GNzK4nICjklfHRi
EpMl5kNgJIXiOwNeoJiaaCjxcZZISaxs
gnne01juK2sEopXIH51XZFtP5e3inAzH
nZBIwbyUXTXbYYRarM59aUpcqrGycOIR
PMiYKlHwoT9hQCtAeXDTEiZmwEQMczAS
IeZOigBSngImqh1dc2LuuATCbNKnzPOp
Yvovaw4TNcWTSldPo7qZXhYlzkTJEiPH
awot4GYbfR0iR38lIQWYO46afpogkSBi
6RL8RnebC6Lg4ZnzMyBMDGG9UEU6gsPI
Hc9DHMHywXzYTdZbmWHK9cDFdiPZKla8
EpTT45Oz8YlLTmCZUVK8OIjgdR0QhdT5
ig9gxrjFX9JCmljou97PhDBb1sMnPLCZ
jPOIxGt4WOxcJbJYMuTT89135nEwTFpR
FjLzLHDAxXdF1gUwCo2Ryrc0Bp4R7t2H
lUOIAEdi6KH08Po0vbTNa545yt1SOEui
hI5u9yPAanf7jT31G00dT4B3VWCfWzLs
bV8PrY88iXxzficgd16D02htycwP5MQI
w1kn10C3vZVWvlhrA7Bc5lZi87uRO2UD
m98CNhc1rHXTAr05jJdGd5NzOvxG5KSm
lFz1poNLa3PR7l913rXFd0WG2BoO380U
BFAnDiwesDlpYrtzQyqgVsYRVCuvRQ2C
QTDRv03l44MknIzrGkpIycW5R9jyNa6u
craulwDrfu4cPxPsfpLLdfGdILaPCMtv
oXimsPZ4cq5Qdk9NbSBNpuhFbpqJ5fWQ
CBn2XdcI1OahBZXgeiMLLsDeO0aCBITj
NvMS9HlLomKoi9SV2zHWzS5o8SfaiCpo
q0yBQBWtN6hgwkILXOnoLecTunMt2wDC
Rjnxywv5ye8cpF5SgUSjEgHNUh4iTWoE
j3dnreFXd9XhAPpvw9X20omCLnXZwl4t
4brs7YoY1UQM3mzGqu80Y4e8rZABb2Fx
zKAxmMONxC61LdILC4Qfj9OhJvDxuocQ
E7xetcjsivK7jH3q4bd2w4pzmSQxGNbZ
FXrNIWYSUQE9vFCHsqORa9yJ9ee91Zwi
MLWGmYmzRoneX9Tr8CXFdCEMhjnwngwK
62djICPqVXCYu3KIYE5rzLwqj9uIYQa1
36hLRYUClkuULyWQS2JWsUoLbrBgtcFs
xAdFqomrpggfxm08dFoUcuzn4isp8BeY
kouQRkkCZZYEbKLlR7boOLGOaExmhAZZ
ewilWc7doIzkVsd174ktPQDigVPoRCol
Bh19Hy48eCS2bn2ekpkb7l0UqsF2nFu3
xmDeBkZgsR2zN5lplp5NTgh2ghoOR1Og
mjhrasS9D5Q5i5gBGCHjFrqers5j71eW
TQLxGv1odTyVX3FEwOclrqliLRXQcZdL
0Ag6FCoo4WA93IGWnxU9NLLVsAZe93aI
TEVM7uz46WFPNIo3FVN7gISsZIehFheY
FEDcHPOK35ROw5pSTWqizzoadHesrB4s
EwFfDDI3qI5kyLtMPXVwd3qOWad8d35B
6KK5y012tgv9eIW99OvvQDRwSjk5rTMT
rwBw4UWfAknrN5zZ858vYOp11GIARToA
3bd4efM1sbNifXLVXUw1xh9miCzHtFJa
zCvmT4WMHnUP96seQ3s0N8THQ16dC5j4
F1zmH4hxtH18tojiTtq74RTNqNqHnFD0
svBM87Rohi8Cgdw5Q5sALrurpDmmWaRD
h5alg8W9Rbojnp73nauTfh0F4udQvauW
6Ccln0A4kS1x5tA3nUGl5aCTlkoU6JAK
o0pYnUmImn4vK2gISrog80wOQD46O3S1
bandit17@bandit:~$ diff passwords.old passwords.new
42c42
< glZreTEH1V3cGKL6g4conYqZqaEj0mte
---
> hga5tuuCLF6fFzUpnagiMN8ssu9LFrdg
bandit17@bandit:~$ exit
logout
Connection to bandit.labs.overthewire.org closed.
bandit16@bandit:/tmp$