parimal@DESKTOP-IV85E4J:~$ ssh bandit16@bandit.labs.overthewire.org -p 2220
                         _                     _ _ _
                        | |__   __ _ _ __   __| (_) |_
                        | '_ \ / _` | '_ \ / _` | | __|
                        | |_) | (_| | | | | (_| | | |_
                        |_.__/ \__,_|_| |_|\__,_|_|\__|


                      This is an OverTheWire game server.
            More information on http://www.overthewire.org/wargames

bandit16@bandit.labs.overthewire.org's password:

      ,----..            ,----,          .---.
     /   /   \         ,/   .`|         /. ./|
    /   .     :      ,`   .'  :     .--'.  ' ;
   .   /   ;.  \   ;    ;     /    /__./ \ : |
  .   ;   /  ` ; .'___,/    ,' .--'.  '   \' .
  ;   |  ; \ ; | |    :     | /___/ \ |    ' '
  |   :  | ; | ' ;    |.';  ; ;   \  \;      :
  .   |  ' ' ' : `----'  |  |  \   ;  `      |
  '   ;  \; /  |     '   :  ;   .   \    .\  ;
   \   \  ',  /      |   |  '    \   \   ' \ |
    ;   :    /       '   :  |     :   '  |--"
     \   \ .'        ;   |.'       \   \ ;
  www. `---` ver     '---' he       '---" ire.org


Welcome to OverTheWire!

If you find any problems, please report them to the #wargames channel on
discord or IRC.

--[ Playing the games ]--

  This machine might hold several wargames.
  If you are playing "somegame", then:

    * USERNAMES are somegame0, somegame1, ...
    * Most LEVELS are stored in /somegame/.
    * PASSWORDS for each level are stored in /etc/somegame_pass/.

  Write-access to homedirectories is disabled. It is advised to create a
  working directory with a hard-to-guess name in /tmp/.  You can use the
  command "mktemp -d" in order to generate a random and hard to guess
  directory in /tmp/.  Read-access to both /tmp/ is disabled and to /proc
  restricted so that users cannot snoop on eachother. Files and directories
  with easily guessable or short names will be periodically deleted! The /tmp
  directory is regularly wiped.
  Please play nice:

    * don't leave orphan processes running
    * don't leave exploit-files laying around
    * don't annoy other players
    * don't post passwords or spoilers
    * again, DONT POST SPOILERS!
      This includes writeups of your solution on your blog or website!

--[ Tips ]--

  This machine has a 64bit processor and many security-features enabled
  by default, although ASLR has been switched off.  The following
  compiler flags might be interesting:

    -m32                    compile for 32bit
    -fno-stack-protector    disable ProPolice
    -Wl,-z,norelro          disable relro

  In addition, the execstack tool can be used to flag the stack as
  executable on ELF binaries.

  Finally, network-access is limited for most levels by a local
  firewall.

--[ Tools ]--

 For your convenience we have installed a few useful tools which you can find
 in the following locations:

    * gef (https://github.com/hugsy/gef) in /opt/gef/
    * pwndbg (https://github.com/pwndbg/pwndbg) in /opt/pwndbg/
    * peda (https://github.com/longld/peda.git) in /opt/peda/
    * gdbinit (https://github.com/gdbinit/Gdbinit) in /opt/gdbinit/
    * pwntools (https://github.com/Gallopsled/pwntools)
    * radare2 (http://www.radare.org/)

 Both python2 and python3 are installed.

--[ More information ]--

  For more information regarding individual wargames, visit
  http://www.overthewire.org/wargames/

  For support, questions or comments, contact us on discord or IRC.

  Enjoy your stay!

bandit16@bandit:~$ nmap -sV -T4 -p 31000-32000 localhostnmap -sV -T4 -p 31000-32000 localhostnmap -sV -T4 -p 31000-32000 localhostnmap -sV -T4 -p 31000-32000 localhostnmap -sV -T4 -p 31000-32000 localhost^C
bandit16@bandit:~$ nmap -sV -T4 -p 31000-32000 localhost
Starting Nmap 7.80 ( https://nmap.org ) at 2023-09-11 06:52 UTC
Nmap scan report for localhost (127.0.0.1)
Host is up (0.00011s latency).
Not shown: 996 closed ports
PORT      STATE SERVICE     VERSION
31046/tcp open  echo
31518/tcp open  ssl/echo
31691/tcp open  echo
31790/tcp open  ssl/unknown
31960/tcp open  echo
1 service unrecognized despite returning data. If you know the service/version, please submit the following fingerprint at https://nmap.org/cgi-bin/submit.cgi?new-service :
SF-Port31790-TCP:V=7.80%T=SSL%I=7%D=9/11%Time=64FEB93F%P=x86_64-pc-linux-g
SF:nu%r(GenericLines,31,"Wrong!\x20Please\x20enter\x20the\x20correct\x20cu
SF:rrent\x20password\n")%r(GetRequest,31,"Wrong!\x20Please\x20enter\x20the
SF:\x20correct\x20current\x20password\n")%r(HTTPOptions,31,"Wrong!\x20Plea
SF:se\x20enter\x20the\x20correct\x20current\x20password\n")%r(RTSPRequest,
SF:31,"Wrong!\x20Please\x20enter\x20the\x20correct\x20current\x20password\
SF:n")%r(Help,31,"Wrong!\x20Please\x20enter\x20the\x20correct\x20current\x
SF:20password\n")%r(SSLSessionReq,31,"Wrong!\x20Please\x20enter\x20the\x20
SF:correct\x20current\x20password\n")%r(TerminalServerCookie,31,"Wrong!\x2
SF:0Please\x20enter\x20the\x20correct\x20current\x20password\n")%r(TLSSess
SF:ionReq,31,"Wrong!\x20Please\x20enter\x20the\x20correct\x20current\x20pa
SF:ssword\n")%r(Kerberos,31,"Wrong!\x20Please\x20enter\x20the\x20correct\x
SF:20current\x20password\n")%r(FourOhFourRequest,31,"Wrong!\x20Please\x20e
SF:nter\x20the\x20correct\x20current\x20password\n")%r(LPDString,31,"Wrong
SF:!\x20Please\x20enter\x20the\x20correct\x20current\x20password\n")%r(LDA
SF:PSearchReq,31,"Wrong!\x20Please\x20enter\x20the\x20correct\x20current\x
SF:20password\n")%r(SIPOptions,31,"Wrong!\x20Please\x20enter\x20the\x20cor
SF:rect\x20current\x20password\n");

Service detection performed. Please report any incorrect results at https://nmap.org/submit/ .
Nmap done: 1 IP address (1 host up) scanned in 98.72 seconds
bandit16@bandit:~$ openssl s_client -connect localhost:31790
CONNECTED(00000003)
Can't use SSL_get_servername
depth=0 CN = localhost
verify error:num=18:self-signed certificate
verify return:1
depth=0 CN = localhost
verify error:num=10:certificate has expired
notAfter=Sep  9 01:47:01 2023 GMT
verify return:1
depth=0 CN = localhost
notAfter=Sep  9 01:47:01 2023 GMT
verify return:1
---
Certificate chain
 0 s:CN = localhost
   i:CN = localhost
   a:PKEY: rsaEncryption, 2048 (bit); sigalg: RSA-SHA1
   v:NotBefore: Sep  9 01:46:01 2023 GMT; NotAfter: Sep  9 01:47:01 2023 GMT
---
Server certificate
-----BEGIN CERTIFICATE-----
MIIDCzCCAfOgAwIBAgIEbs64iDANBgkqhkiG9w0BAQUFADAUMRIwEAYDVQQDDAls
b2NhbGhvc3QwHhcNMjMwOTA5MDE0NjAxWhcNMjMwOTA5MDE0NzAxWjAUMRIwEAYD
VQQDDAlsb2NhbGhvc3QwggEiMA0GCSqGSIb3DQEBAQUAA4IBDwAwggEKAoIBAQCw
hJZt/2w9cUCMNsq0NaeGInZehoo/Q+xEK1DmO85fpDce6djixE1d/cINnLzm/gOT
qUTBc2A2XoFrOszRhOgg2g7nzUJkoFt90DAEDOinbglkV1gjzml/53K/TFMzVz9I
lAt0GeDqGSxfJwUdjN2q3Fd50/udmxivrEOtskyJlOqMe/959pi/oZoiR/4uKelO
Ute2DANygh+AxvhLaz6ZCARrG4Y4XSQW5AjqC5n1zGq6sxHSalWoaCwKLHpsX396
FP8xOExG2M3ubx2QMZzd3gZWDDU/HjgKARkdffLMCgdRiEACUV5njdw6EKShUTYZ
vibGKskBQaQNmq68Sf29AgMBAAGjZTBjMBQGA1UdEQQNMAuCCWxvY2FsaG9zdDBL
BglghkgBhvhCAQ0EPhY8QXV0b21hdGljYWxseSBnZW5lcmF0ZWQgYnkgTmNhdC4g
U2VlIGh0dHBzOi8vbm1hcC5vcmcvbmNhdC8uMA0GCSqGSIb3DQEBBQUAA4IBAQBj
2WP3JMsTe55csTRH4zZ7KSdd+1Bh1Tti7CcRpYW9rNxQmuwtAakBm4fip/DbCaIl
sHWB/Srfe00RWSJiMA4dne1qYcvpLCV2+Qf5qYsz1N12OUEq5IylZKx8WIZ/rl5x
ZFGy+WK+JCkycRMgVFJi62J32qDYITkttAoVMWG4Oqc/VcvLbSKmQAtJ+kZQiD+1
28VK4C5y4iKHrnYPvXDnX0UiZ7+SS0zTIMRn01NdOAGxOtPArZfxjU4A21rV9OcN
1wJ5xEFMBGa7Irc8/GOe55UO+9JMi4vhj/186fk23QXukyRPz7pSaRgVJQRHun5U
JPEu4uNhZoQamuSrX6cX
-----END CERTIFICATE-----
subject=CN = localhost
issuer=CN = localhost
---
No client certificate CA names sent
Peer signing digest: SHA256
Peer signature type: RSA-PSS
Server Temp Key: X25519, 253 bits
---
SSL handshake has read 1339 bytes and written 373 bytes
Verification error: certificate has expired
---
New, TLSv1.3, Cipher is TLS_AES_256_GCM_SHA384
Server public key is 2048 bit
Secure Renegotiation IS NOT supported
Compression: NONE
Expansion: NONE
No ALPN negotiated
Early data was not sent
Verify return code: 10 (certificate has expired)
---
---
Post-Handshake New Session Ticket arrived:
SSL-Session:
    Protocol  : TLSv1.3
    Cipher    : TLS_AES_256_GCM_SHA384
    Session-ID: BCF1A1DA643D5CD08A3CDB292FCC2A70B390CA59C1385DE9AA207261B349DF51
    Session-ID-ctx:
    Resumption PSK: D4FCFCEDDE052F9F82A3B73A877826BB8FBE46CE8CE88A0811C6736C7CB40B0D68AFF0DECC84D271F2FF052274183D3D
    PSK identity: None
    PSK identity hint: None
    SRP username: None
    TLS session ticket lifetime hint: 7200 (seconds)
    TLS session ticket:
    0000 - f4 4e 2c 2b cb 9a 16 61-54 91 95 41 5a 65 95 4b   .N,+...aT..AZe.K
    0010 - b3 6a c3 2e dd 2d 64 c8-e4 74 35 a6 0a 61 34 d1   .j...-d..t5..a4.
    0020 - 99 ba 47 86 a7 2e 18 53-21 bd 30 cf 3a 61 0a 2c   ..G....S!.0.:a.,
    0030 - bb 71 3b 49 7b 3d 0d 6a-a2 c8 5a fb a7 28 1b 40   .q;I{=.j..Z..(.@
    0040 - 34 f5 72 e4 ab 79 a6 e9-2a 4d 48 3e 4b ff d0 da   4.r..y..*MH>K...
    0050 - ff ad bf fc 20 bd 8f 6a-de 34 f9 80 0d 0f 80 c7   .... ..j.4......
    0060 - 9d d9 07 c8 e6 ac ba f8-92 ff 2c 66 40 e3 99 72   ..........,f@..r
    0070 - e8 9e 54 6f ac 1a 98 b8-6d e8 1c d0 1f 74 1b d5   ..To....m....t..
    0080 - 1d 8a c0 2c e4 07 fd 1c-b3 b7 df f5 c7 fd 8e 16   ...,............
    0090 - a5 e2 6d 55 5b 96 15 2c-86 75 26 7f a2 21 ec 98   ..mU[..,.u&..!..
    00a0 - 26 90 41 43 39 dc 9d f2-0a 49 d6 2a aa 3b 22 c6   &.AC9....I.*.;".
    00b0 - 34 de 3d a0 ae df f1 73-59 c0 99 2c 40 89 e8 b2   4.=....sY..,@...
    00c0 - 1e 0d 47 37 ce 5f 29 2e-0d 3d ec e8 91 37 65 d1   ..G7._)..=...7e.

    Start Time: 1694415273
    Timeout   : 7200 (sec)
    Verify return code: 10 (certificate has expired)
    Extended master secret: no
    Max Early Data: 0
---
read R BLOCK
---
Post-Handshake New Session Ticket arrived:
SSL-Session:
    Protocol  : TLSv1.3
    Cipher    : TLS_AES_256_GCM_SHA384
    Session-ID: 99A6F29056BC5065B9B2396AC4332C7AC326496C663330EAC2AA846ABEDB0226
    Session-ID-ctx:
    Resumption PSK: 21B87A0DF6A6C51C86500731F3B81FFEC038E97EF0ADC3591028B582AB89AB7A08AB38FD8175E6A9E8DE1E8BBFC2AB4F
    PSK identity: None
    PSK identity hint: None
    SRP username: None
    TLS session ticket lifetime hint: 7200 (seconds)
    TLS session ticket:
    0000 - f4 4e 2c 2b cb 9a 16 61-54 91 95 41 5a 65 95 4b   .N,+...aT..AZe.K
    0010 - 4a 05 f2 dd ca e3 39 c3-4d 57 c6 77 17 e0 36 7c   J.....9.MW.w..6|
    0020 - 2c f8 b9 c8 4e 54 59 23-93 37 bb b6 f1 f0 fa 7c   ,...NTY#.7.....|
    0030 - 19 bd 23 4c 63 c6 24 09-b7 38 b6 1d fb 2f 53 a0   ..#Lc.$..8.../S.
    0040 - c0 5f 95 a2 11 95 5b 0a-06 19 0c 72 82 70 fc 4d   ._....[....r.p.M
    0050 - 8a f6 5d 15 a4 77 ca 2f-a3 e5 e4 c0 56 e7 8a 3d   ..]..w./....V..=
    0060 - e4 d8 24 ec 74 69 43 df-4e 66 7b 97 74 41 fc 51   ..$.tiC.Nf{.tA.Q
    0070 - 00 4a 2b b6 56 f5 0f d8-29 ea 88 7b 10 a4 dc 4b   .J+.V...)..{...K
    0080 - 01 52 ec 6e 23 82 01 4a-fb d6 4f ef 31 c6 79 7a   .R.n#..J..O.1.yz
    0090 - 39 0d be 11 b2 30 01 ac-97 3f b4 ec 2e de 1c 73   9....0...?.....s
    00a0 - c3 f1 e6 cd 76 e7 72 01-7a 0c e9 8d b9 c6 3d de   ....v.r.z.....=.
    00b0 - c7 f6 b5 8c a5 fb 66 b7-d9 24 19 69 b6 45 31 62   ......f..$.i.E1b
    00c0 - d7 46 25 11 3d 49 ed 25-39 95 7a 27 95 2d df a0   .F%.=I.%9.z'.-..

    Start Time: 1694415273
    Timeout   : 7200 (sec)
    Verify return code: 10 (certificate has expired)
    Extended master secret: no
    Max Early Data: 0
---
read R BLOCK
jN2kgmIXJ6fShzhT2avhotn4Zcka6tnt
Wrong! Please enter the correct current password
closed
bandit16@bandit:~$ openssl s_client -connect localhost:31790
CONNECTED(00000003)
Can't use SSL_get_servername
depth=0 CN = localhost
verify error:num=18:self-signed certificate
verify return:1
depth=0 CN = localhost
verify error:num=10:certificate has expired
notAfter=Sep  9 01:47:01 2023 GMT
verify return:1
depth=0 CN = localhost
notAfter=Sep  9 01:47:01 2023 GMT
verify return:1
---
Certificate chain
 0 s:CN = localhost
   i:CN = localhost
   a:PKEY: rsaEncryption, 2048 (bit); sigalg: RSA-SHA1
   v:NotBefore: Sep  9 01:46:01 2023 GMT; NotAfter: Sep  9 01:47:01 2023 GMT
---
Server certificate
-----BEGIN CERTIFICATE-----
MIIDCzCCAfOgAwIBAgIEbs64iDANBgkqhkiG9w0BAQUFADAUMRIwEAYDVQQDDAls
b2NhbGhvc3QwHhcNMjMwOTA5MDE0NjAxWhcNMjMwOTA5MDE0NzAxWjAUMRIwEAYD
VQQDDAlsb2NhbGhvc3QwggEiMA0GCSqGSIb3DQEBAQUAA4IBDwAwggEKAoIBAQCw
hJZt/2w9cUCMNsq0NaeGInZehoo/Q+xEK1DmO85fpDce6djixE1d/cINnLzm/gOT
qUTBc2A2XoFrOszRhOgg2g7nzUJkoFt90DAEDOinbglkV1gjzml/53K/TFMzVz9I
lAt0GeDqGSxfJwUdjN2q3Fd50/udmxivrEOtskyJlOqMe/959pi/oZoiR/4uKelO
Ute2DANygh+AxvhLaz6ZCARrG4Y4XSQW5AjqC5n1zGq6sxHSalWoaCwKLHpsX396
FP8xOExG2M3ubx2QMZzd3gZWDDU/HjgKARkdffLMCgdRiEACUV5njdw6EKShUTYZ
vibGKskBQaQNmq68Sf29AgMBAAGjZTBjMBQGA1UdEQQNMAuCCWxvY2FsaG9zdDBL
BglghkgBhvhCAQ0EPhY8QXV0b21hdGljYWxseSBnZW5lcmF0ZWQgYnkgTmNhdC4g
U2VlIGh0dHBzOi8vbm1hcC5vcmcvbmNhdC8uMA0GCSqGSIb3DQEBBQUAA4IBAQBj
2WP3JMsTe55csTRH4zZ7KSdd+1Bh1Tti7CcRpYW9rNxQmuwtAakBm4fip/DbCaIl
sHWB/Srfe00RWSJiMA4dne1qYcvpLCV2+Qf5qYsz1N12OUEq5IylZKx8WIZ/rl5x
ZFGy+WK+JCkycRMgVFJi62J32qDYITkttAoVMWG4Oqc/VcvLbSKmQAtJ+kZQiD+1
28VK4C5y4iKHrnYPvXDnX0UiZ7+SS0zTIMRn01NdOAGxOtPArZfxjU4A21rV9OcN
1wJ5xEFMBGa7Irc8/GOe55UO+9JMi4vhj/186fk23QXukyRPz7pSaRgVJQRHun5U
JPEu4uNhZoQamuSrX6cX
-----END CERTIFICATE-----
subject=CN = localhost
issuer=CN = localhost
---
No client certificate CA names sent
Peer signing digest: SHA256
Peer signature type: RSA-PSS
Server Temp Key: X25519, 253 bits
---
SSL handshake has read 1339 bytes and written 373 bytes
Verification error: certificate has expired
---
New, TLSv1.3, Cipher is TLS_AES_256_GCM_SHA384
Server public key is 2048 bit
Secure Renegotiation IS NOT supported
Compression: NONE
Expansion: NONE
No ALPN negotiated
Early data was not sent
Verify return code: 10 (certificate has expired)
---
---
Post-Handshake New Session Ticket arrived:
SSL-Session:
    Protocol  : TLSv1.3
    Cipher    : TLS_AES_256_GCM_SHA384
    Session-ID: 3F8624DB61C2B909E5ACD28F36F40B7E60CFABB63E9579EB74DDE27D4D67DAF2
    Session-ID-ctx:
    Resumption PSK: 2E3A9509091B1A43F70AA2C34F4C794BC47EF82311199C314B0973BFFCFD98860F583ECBD1661D95CB086F0D99D1BE7E
    PSK identity: None
    PSK identity hint: None
    SRP username: None
    TLS session ticket lifetime hint: 7200 (seconds)
    TLS session ticket:
    0000 - f4 4e 2c 2b cb 9a 16 61-54 91 95 41 5a 65 95 4b   .N,+...aT..AZe.K
    0010 - be 4b 3a 71 18 2f 27 87-dc 20 d8 80 d9 43 d1 bf   .K:q./'.. ...C..
    0020 - 2e a5 65 82 8a 27 1a 75-4e 25 81 6f 45 ef dc 5a   ..e..'.uN%.oE..Z
    0030 - 18 b8 7c de 6b ec 64 8d-83 3b b6 d0 12 39 b6 c7   ..|.k.d..;...9..
    0040 - b9 b7 94 9f 14 12 f4 01-61 a8 5e d1 9b 63 fa ca   ........a.^..c..
    0050 - 6d 0b 0a 61 40 97 31 c7-cb 03 94 be 0b ba eb c2   m..a@.1.........
    0060 - 32 7c be dd c1 60 98 85-f8 08 77 7c a6 a1 c3 ab   2|...`....w|....
    0070 - af 08 0d b7 04 0e 71 d1-4c 0e db 57 b0 37 f3 e0   ......q.L..W.7..
    0080 - 1b e1 ea 9c 1b 78 4a 85-ed 92 84 f5 24 f2 38 67   .....xJ.....$.8g
    0090 - 40 5e 6f 20 cf 49 b2 29-16 57 ad dc e2 51 ed 29   @^o .I.).W...Q.)
    00a0 - 88 17 4c dd b4 2b 15 b4-54 58 0f d2 97 6c 3b 02   ..L..+..TX...l;.
    00b0 - 68 3c ad f8 97 31 8d d4-10 ca 60 7f 36 31 b6 bf   h<...1....`.61..
    00c0 - 22 af 5e 75 21 90 6a c9-20 fb c3 75 c7 2a 69 46   ".^u!.j. ..u.*iF

    Start Time: 1694415291
    Timeout   : 7200 (sec)
    Verify return code: 10 (certificate has expired)
    Extended master secret: no
    Max Early Data: 0
---
read R BLOCK
---
Post-Handshake New Session Ticket arrived:
SSL-Session:
    Protocol  : TLSv1.3
    Cipher    : TLS_AES_256_GCM_SHA384
    Session-ID: FEC51EEA390461A4B8A8DB1FB992EF0C900960CA7EDB749B5A6E07FD4CBF6542
    Session-ID-ctx:
    Resumption PSK: 5F7B09234A449F70D6762D9D3A7D1CE2F2F99836490AB129B0A4589A2093A90D5F9972CF6C3AFE07770D18D8842B462A
    PSK identity: None
    PSK identity hint: None
    SRP username: None
    TLS session ticket lifetime hint: 7200 (seconds)
    TLS session ticket:
    0000 - f4 4e 2c 2b cb 9a 16 61-54 91 95 41 5a 65 95 4b   .N,+...aT..AZe.K
    0010 - dc 1d f1 d4 35 01 7c 18-19 68 1b 93 2b 9a eb 78   ....5.|..h..+..x
    0020 - 01 8c 8a cc b5 f2 70 ca-66 4d cc d4 af 29 5e 43   ......p.fM...)^C
    0030 - 12 18 dd 6c 16 92 15 9b-d5 8c 4c fd a0 2d 58 9a   ...l......L..-X.
    0040 - c5 47 b2 99 84 2c c3 ab-b1 1a b7 9d da 35 99 34   .G...,.......5.4
    0050 - 60 bd ee 12 30 71 fc e8-e2 5b b6 34 b0 94 ab 06   `...0q...[.4....
    0060 - 50 4c f3 23 1a c3 d5 47-43 8b d7 81 ff b2 a1 fd   PL.#...GC.......
    0070 - 78 50 e7 74 ce 73 13 13-2a f1 e1 dc dd b9 72 38   xP.t.s..*.....r8
    0080 - ff 8b 02 85 19 54 7e f7-a2 33 96 69 7d 9c 2d e7   .....T~..3.i}.-.
    0090 - 71 5f 63 c6 25 de 5f d6-58 8f 41 6e 6f 96 15 67   q_c.%._.X.Ano..g
    00a0 - a9 b1 84 92 1c 45 00 b6-8b 7b 87 e8 87 e6 ea 37   .....E...{.....7
    00b0 - c0 dd 9c 0f 7c 59 37 83-71 ca 7b 09 74 e6 86 95   ....|Y7.q.{.t...
    00c0 - 2c f3 3d f8 73 88 c6 0e-c0 34 25 14 26 bd df 49   ,.=.s....4%.&..I

    Start Time: 1694415291
    Timeout   : 7200 (sec)
    Verify return code: 10 (certificate has expired)
    Extended master secret: no
    Max Early Data: 0
---
read R BLOCK
JQttfApK4SeyHwDlI9SXGR50qclOAil1
Correct!
-----BEGIN RSA PRIVATE KEY-----
MIIEogIBAAKCAQEAvmOkuifmMg6HL2YPIOjon6iWfbp7c3jx34YkYWqUH57SUdyJ
imZzeyGC0gtZPGujUSxiJSWI/oTqexh+cAMTSMlOJf7+BrJObArnxd9Y7YT2bRPQ
Ja6Lzb558YW3FZl87ORiO+rW4LCDCNd2lUvLE/GL2GWyuKN0K5iCd5TbtJzEkQTu
DSt2mcNn4rhAL+JFr56o4T6z8WWAW18BR6yGrMq7Q/kALHYW3OekePQAzL0VUYbW
JGTi65CxbCnzc/w4+mqQyvmzpWtMAzJTzAzQxNbkR2MBGySxDLrjg0LWN6sK7wNX
x0YVztz/zbIkPjfkU1jHS+9EbVNj+D1XFOJuaQIDAQABAoIBABagpxpM1aoLWfvD
KHcj10nqcoBc4oE11aFYQwik7xfW+24pRNuDE6SFthOar69jp5RlLwD1NhPx3iBl
J9nOM8OJ0VToum43UOS8YxF8WwhXriYGnc1sskbwpXOUDc9uX4+UESzH22P29ovd
d8WErY0gPxun8pbJLmxkAtWNhpMvfe0050vk9TL5wqbu9AlbssgTcCXkMQnPw9nC
YNN6DDP2lbcBrvgT9YCNL6C+ZKufD52yOQ9qOkwFTEQpjtF4uNtJom+asvlpmS8A
vLY9r60wYSvmZhNqBUrj7lyCtXMIu1kkd4w7F77k+DjHoAXyxcUp1DGL51sOmama
+TOWWgECgYEA8JtPxP0GRJ+IQkX262jM3dEIkza8ky5moIwUqYdsx0NxHgRRhORT
8c8hAuRBb2G82so8vUHk/fur85OEfc9TncnCY2crpoqsghifKLxrLgtT+qDpfZnx
SatLdt8GfQ85yA7hnWWJ2MxF3NaeSDm75Lsm+tBbAiyc9P2jGRNtMSkCgYEAypHd
HCctNi/FwjulhttFx/rHYKhLidZDFYeiE/v45bN4yFm8x7R/b0iE7KaszX+Exdvt
SghaTdcG0Knyw1bpJVyusavPzpaJMjdJ6tcFhVAbAjm7enCIvGCSx+X3l5SiWg0A
R57hJglezIiVjv3aGwHwvlZvtszK6zV6oXFAu0ECgYAbjo46T4hyP5tJi93V5HDi
Ttiek7xRVxUl+iU7rWkGAXFpMLFteQEsRr7PJ/lemmEY5eTDAFMLy9FL2m9oQWCg
R8VdwSk8r9FGLS+9aKcV5PI/WEKlwgXinB3OhYimtiG2Cg5JCqIZFHxD6MjEGOiu
L8ktHMPvodBwNsSBULpG0QKBgBAplTfC1HOnWiMGOU3KPwYWt0O6CdTkmJOmL8Ni
blh9elyZ9FsGxsgtRBXRsqXuz7wtsQAgLHxbdLq/ZJQ7YfzOKU4ZxEnabvXnvWkU
YOdjHdSOoKvDQNWu6ucyLRAWFuISeXw9a/9p7ftpxm0TSgyvmfLF2MIAEwyzRqaM
77pBAoGAMmjmIJdjp+Ez8duyn3ieo36yrttF5NSsJLAbxFpdlc1gvtGCWW+9Cq0b
dxviW8+TFVEBl1O4f7HVm6EpTscdDxU+bCXWkfjuRb7Dy9GOtt9JPsX8MBTakzh3
vBgsyi/sN3RqRBcGU40fOoZyfAMT8s1m/uYv52O6IgeuZ/ujbjY=
-----END RSA PRIVATE KEY-----

closed
bandit16@bandit:~$ touch /tmp/1s
bandit16@bandit:~$ cd /temp
-bash: cd: /temp: No such file or directory
bandit16@bandit:~$ cd /tmp
bandit16@bandit:/tmp$ touch pvt.key
bandit16@bandit:/tmp$ nano pvt.key
Unable to create directory /home/bandit16/.local/share/nano/: No such file or directory
It is required for saving/loading search history or cursor positions.

bandit16@bandit:/tmp$ car pvt.key
Command 'car' not found, but can be installed with:
apt install ucommon-utils
Please ask your administrator.
bandit16@bandit:/tmp$ cat pvt.key
-----BEGIN RSA PRIVATE KEY-----
MIIEogIBAAKCAQEAvmOkuifmMg6HL2YPIOjon6iWfbp7c3jx34YkYWqUH57SUdyJ
imZzeyGC0gtZPGujUSxiJSWI/oTqexh+cAMTSMlOJf7+BrJObArnxd9Y7YT2bRPQ
Ja6Lzb558YW3FZl87ORiO+rW4LCDCNd2lUvLE/GL2GWyuKN0K5iCd5TbtJzEkQTu
DSt2mcNn4rhAL+JFr56o4T6z8WWAW18BR6yGrMq7Q/kALHYW3OekePQAzL0VUYbW
JGTi65CxbCnzc/w4+mqQyvmzpWtMAzJTzAzQxNbkR2MBGySxDLrjg0LWN6sK7wNX
x0YVztz/zbIkPjfkU1jHS+9EbVNj+D1XFOJuaQIDAQABAoIBABagpxpM1aoLWfvD
KHcj10nqcoBc4oE11aFYQwik7xfW+24pRNuDE6SFthOar69jp5RlLwD1NhPx3iBl
J9nOM8OJ0VToum43UOS8YxF8WwhXriYGnc1sskbwpXOUDc9uX4+UESzH22P29ovd
d8WErY0gPxun8pbJLmxkAtWNhpMvfe0050vk9TL5wqbu9AlbssgTcCXkMQnPw9nC
YNN6DDP2lbcBrvgT9YCNL6C+ZKufD52yOQ9qOkwFTEQpjtF4uNtJom+asvlpmS8A
vLY9r60wYSvmZhNqBUrj7lyCtXMIu1kkd4w7F77k+DjHoAXyxcUp1DGL51sOmama
+TOWWgECgYEA8JtPxP0GRJ+IQkX262jM3dEIkza8ky5moIwUqYdsx0NxHgRRhORT
8c8hAuRBb2G82so8vUHk/fur85OEfc9TncnCY2crpoqsghifKLxrLgtT+qDpfZnx
SatLdt8GfQ85yA7hnWWJ2MxF3NaeSDm75Lsm+tBbAiyc9P2jGRNtMSkCgYEAypHd
HCctNi/FwjulhttFx/rHYKhLidZDFYeiE/v45bN4yFm8x7R/b0iE7KaszX+Exdvt
SghaTdcG0Knyw1bpJVyusavPzpaJMjdJ6tcFhVAbAjm7enCIvGCSx+X3l5SiWg0A
R57hJglezIiVjv3aGwHwvlZvtszK6zV6oXFAu0ECgYAbjo46T4hyP5tJi93V5HDi
Ttiek7xRVxUl+iU7rWkGAXFpMLFteQEsRr7PJ/lemmEY5eTDAFMLy9FL2m9oQWCg
R8VdwSk8r9FGLS+9aKcV5PI/WEKlwgXinB3OhYimtiG2Cg5JCqIZFHxD6MjEGOiu
L8ktHMPvodBwNsSBULpG0QKBgBAplTfC1HOnWiMGOU3KPwYWt0O6CdTkmJOmL8Ni
blh9elyZ9FsGxsgtRBXRsqXuz7wtsQAgLHxbdLq/ZJQ7YfzOKU4ZxEnabvXnvWkU
YOdjHdSOoKvDQNWu6ucyLRAWFuISeXw9a/9p7ftpxm0TSgyvmfLF2MIAEwyzRqaM
77pBAoGAMmjmIJdjp+Ez8duyn3ieo36yrttF5NSsJLAbxFpdlc1gvtGCWW+9Cq0b
dxviW8+TFVEBl1O4f7HVm6EpTscdDxU+bCXWkfjuRb7Dy9GOtt9JPsX8MBTakzh3
vBgsyi/sN3RqRBcGU40fOoZyfAMT8s1m/uYv52O6IgeuZ/ujbjY=
-----END RSA PRIVATE KEY-----
bandit16@bandit:/tmp$ ssh bandit17@bandit.labs.overthewire.org -p 2220
The authenticity of host '[bandit.labs.overthewire.org]:2220 ([127.0.0.1]:2220)' can't be established.
ED25519 key fingerprint is SHA256:C2ihUBV7ihnV1wUXRb4RrEcLfXC5CXlhmAAM/urerLY.
This key is not known by any other names
Are you sure you want to continue connecting (yes/no/[fingerprint])? yes
Could not create directory '/home/bandit16/.ssh' (Permission denied).
Failed to add the host to the list of known hosts (/home/bandit16/.ssh/known_hosts).
                         _                     _ _ _
                        | |__   __ _ _ __   __| (_) |_
                        | '_ \ / _` | '_ \ / _` | | __|
                        | |_) | (_| | | | | (_| | | |_
                        |_.__/ \__,_|_| |_|\__,_|_|\__|


                      This is an OverTheWire game server.
            More information on http://www.overthewire.org/wargames

!!! You are trying to log into this SSH server with a password on port 2220 from localhost.
!!! Connecting from localhost is blocked to conserve resources.
!!! Please log out and log in again.

bandit17@bandit.labs.overthewire.org: Permission denied (publickey).